// Jest Snapshot v1, https://goo.gl/fbAQLP

exports[`Test AppContainer match snapeshots 1`] = `ReactWrapper {}`;
